src/app/api/admin/users/route.ts(10,22): error TS18048: 'session.user' is possibly 'undefined'.
src/app/api/admin/users/route.ts(10,35): error TS2339: Property 'role' does not exist on type '{ name?: string | null | undefined; email?: string | null | undefined; image?: string | null | undefined; }'.
src/app/api/admin/users/route.ts(10,55): error TS18048: 'session.user' is possibly 'undefined'.
src/app/api/admin/users/route.ts(10,68): error TS2339: Property 'role' does not exist on type '{ name?: string | null | undefined; email?: string | null | undefined; image?: string | null | undefined; }'.
src/app/api/applications/[id]/status/route.ts(16,22): error TS18048: 'session.user' is possibly 'undefined'.
src/app/api/applications/[id]/status/route.ts(16,35): error TS2339: Property 'role' does not exist on type '{ name?: string | null | undefined; email?: string | null | undefined; image?: string | null | undefined; }'.
src/app/api/applications/[id]/status/route.ts(16,55): error TS18048: 'session.user' is possibly 'undefined'.
src/app/api/applications/[id]/status/route.ts(16,68): error TS2339: Property 'role' does not exist on type '{ name?: string | null | undefined; email?: string | null | undefined; image?: string | null | undefined; }'.
src/app/api/applications/[id]/status/route.ts(39,23): error TS18048: 'session.user' is possibly 'undefined'.
src/app/api/applications/[id]/status/route.ts(91,15): error TS2322: Type '{ userId: string; labelName: any; contactPersonName: any; contactPersonRole: string; email: any; phone: any; city: any; state: any; country: string; description: any; genreFocus: any; }' is not assignable to type '(Without<LabelProfileCreateInput, LabelProfileUncheckedCreateInput> & LabelProfileUncheckedCreateInput) | (Without<...> & LabelProfileCreateInput)'.
  Type '{ userId: string; labelName: any; contactPersonName: any; contactPersonRole: string; email: any; phone: any; city: any; state: any; country: string; description: any; genreFocus: any; }' is not assignable to type 'Without<LabelProfileCreateInput, LabelProfileUncheckedCreateInput> & LabelProfileUncheckedCreateInput'.
    Property 'pincode' is missing in type '{ userId: string; labelName: any; contactPersonName: any; contactPersonRole: string; email: any; phone: any; city: any; state: any; country: string; description: any; genreFocus: any; }' but required in type 'LabelProfileUncheckedCreateInput'.
src/app/api/applications/[id]/status/route.ts(120,11): error TS2322: Type 'string | null' is not assignable to type 'string'.
  Type 'null' is not assignable to type 'string'.
src/app/api/notifications/route.ts(15,24): error TS18048: 'session.user' is possibly 'undefined'.
src/app/api/notifications/route.ts(15,37): error TS2339: Property 'id' does not exist on type '{ name?: string | null | undefined; email?: string | null | undefined; image?: string | null | undefined; }'.
src/app/api/payments/[id]/status/route.ts(14,21): error TS18048: 'session.user' is possibly 'undefined'.
src/app/api/payments/[id]/status/route.ts(14,34): error TS2339: Property 'role' does not exist on type '{ name?: string | null | undefined; email?: string | null | undefined; image?: string | null | undefined; }'.
src/app/api/payments/request/route.ts(11,22): error TS18048: 'session.user' is possibly 'undefined'.
src/app/api/payments/request/route.ts(11,35): error TS2339: Property 'role' does not exist on type '{ name?: string | null | undefined; email?: string | null | undefined; image?: string | null | undefined; }'.
src/app/api/payments/request/route.ts(11,56): error TS18048: 'session.user' is possibly 'undefined'.
src/app/api/payments/request/route.ts(11,69): error TS2339: Property 'role' does not exist on type '{ name?: string | null | undefined; email?: string | null | undefined; image?: string | null | undefined; }'.
src/app/api/payments/request/route.ts(22,46): error TS18048: 'session.user' is possibly 'undefined'.
src/app/api/payments/request/route.ts(22,59): error TS2339: Property 'id' does not exist on type '{ name?: string | null | undefined; email?: string | null | undefined; image?: string | null | undefined; }'.
src/app/api/payments/request/route.ts(22,63): error TS18048: 'session.user' is possibly 'undefined'.
src/app/api/payments/request/route.ts(22,76): error TS2339: Property 'role' does not exist on type '{ name?: string | null | undefined; email?: string | null | undefined; image?: string | null | undefined; }'.
src/app/api/payments/request/route.ts(31,17): error TS18048: 'session.user' is possibly 'undefined'.
src/app/api/payments/request/route.ts(31,30): error TS2339: Property 'id' does not exist on type '{ name?: string | null | undefined; email?: string | null | undefined; image?: string | null | undefined; }'.
src/app/api/payments/request/route.ts(43,17): error TS18048: 'session.user' is possibly 'undefined'.
src/app/api/payments/request/route.ts(43,30): error TS2339: Property 'id' does not exist on type '{ name?: string | null | undefined; email?: string | null | undefined; image?: string | null | undefined; }'.
src/app/api/releases/route.ts(10,22): error TS18048: 'session.user' is possibly 'undefined'.
src/app/api/releases/route.ts(10,35): error TS2339: Property 'role' does not exist on type '{ name?: string | null | undefined; email?: string | null | undefined; image?: string | null | undefined; }'.
src/app/api/releases/route.ts(10,56): error TS18048: 'session.user' is possibly 'undefined'.
src/app/api/releases/route.ts(10,69): error TS2339: Property 'role' does not exist on type '{ name?: string | null | undefined; email?: string | null | undefined; image?: string | null | undefined; }'.
src/app/api/releases/route.ts(32,9): error TS18048: 'session.user' is possibly 'undefined'.
src/app/api/releases/route.ts(32,22): error TS2339: Property 'role' does not exist on type '{ name?: string | null | undefined; email?: string | null | undefined; image?: string | null | undefined; }'.
src/app/api/releases/route.ts(34,26): error TS18048: 'session.user' is possibly 'undefined'.
src/app/api/releases/route.ts(34,39): error TS2339: Property 'id' does not exist on type '{ name?: string | null | undefined; email?: string | null | undefined; image?: string | null | undefined; }'.
src/app/api/releases/route.ts(40,26): error TS18048: 'session.user' is possibly 'undefined'.
src/app/api/releases/route.ts(40,39): error TS2339: Property 'id' does not exist on type '{ name?: string | null | undefined; email?: string | null | undefined; image?: string | null | undefined; }'.
src/app/api/releases/route.ts(72,11): error TS1117: An object literal cannot have multiple properties with the same name.
src/app/api/releases/route.ts(111,31): error TS18048: 'session.user' is possibly 'undefined'.
src/app/api/releases/route.ts(111,44): error TS2339: Property 'id' does not exist on type '{ name?: string | null | undefined; email?: string | null | undefined; image?: string | null | undefined; }'.
src/app/api/releases/route.ts(112,30): error TS18048: 'session.user' is possibly 'undefined'.
src/app/api/releases/route.ts(112,43): error TS2339: Property 'id' does not exist on type '{ name?: string | null | undefined; email?: string | null | undefined; image?: string | null | undefined; }'.
src/app/api/support/tickets/[id]/messages/route.ts(58,19): error TS18048: 'session.user' is possibly 'undefined'.
src/app/api/support/tickets/[id]/messages/route.ts(58,32): error TS2339: Property 'id' does not exist on type '{ name?: string | null | undefined; email?: string | null | undefined; image?: string | null | undefined; }'.
src/app/api/support/tickets/[id]/messages/route.ts(69,19): error TS18048: 'session.user' is possibly 'undefined'.
src/app/api/support/tickets/[id]/messages/route.ts(69,32): error TS2339: Property 'role' does not exist on type '{ name?: string | null | undefined; email?: string | null | undefined; image?: string | null | undefined; }'.
src/app/api/support/tickets/[id]/messages/route.ts(78,26): error TS18048: 'session.user' is possibly 'undefined'.
src/app/api/support/tickets/[id]/messages/route.ts(78,39): error TS2339: Property 'role' does not exist on type '{ name?: string | null | undefined; email?: string | null | undefined; image?: string | null | undefined; }'.
src/app/api/support/tickets/route.ts(22,17): error TS18048: 'session.user' is possibly 'undefined'.
src/app/api/support/tickets/route.ts(22,30): error TS2339: Property 'id' does not exist on type '{ name?: string | null | undefined; email?: string | null | undefined; image?: string | null | undefined; }'.
src/app/api/support/tickets/route.ts(47,14): error TS18048: 'session.user' is possibly 'undefined'.
src/app/api/support/tickets/route.ts(47,27): error TS2339: Property 'role' does not exist on type '{ name?: string | null | undefined; email?: string | null | undefined; image?: string | null | undefined; }'.
src/app/api/support/tickets/route.ts(47,61): error TS18048: 'session.user' is possibly 'undefined'.
src/app/api/support/tickets/route.ts(47,74): error TS2339: Property 'id' does not exist on type '{ name?: string | null | undefined; email?: string | null | undefined; image?: string | null | undefined; }'.
src/app/api/user/onboarding/route.ts(18,11): error TS18048: 'session.user' is possibly 'undefined'.
src/app/api/user/onboarding/route.ts(18,24): error TS2339: Property 'role' does not exist on type '{ name?: string | null | undefined; email?: string | null | undefined; image?: string | null | undefined; }'.
src/app/api/user/onboarding/route.ts(20,28): error TS18048: 'session.user' is possibly 'undefined'.
src/app/api/user/onboarding/route.ts(20,41): error TS2339: Property 'id' does not exist on type '{ name?: string | null | undefined; email?: string | null | undefined; image?: string | null | undefined; }'.
src/app/api/user/onboarding/route.ts(31,18): error TS18048: 'session.user' is possibly 'undefined'.
src/app/api/user/onboarding/route.ts(31,31): error TS2339: Property 'role' does not exist on type '{ name?: string | null | undefined; email?: string | null | undefined; image?: string | null | undefined; }'.
src/app/api/user/onboarding/route.ts(33,28): error TS18048: 'session.user' is possibly 'undefined'.
src/app/api/user/onboarding/route.ts(33,41): error TS2339: Property 'id' does not exist on type '{ name?: string | null | undefined; email?: string | null | undefined; image?: string | null | undefined; }'.
src/app/api/user/onboarding/route.ts(43,22): error TS18048: 'session.user' is possibly 'undefined'.
src/app/api/user/onboarding/route.ts(43,35): error TS2339: Property 'id' does not exist on type '{ name?: string | null | undefined; email?: string | null | undefined; image?: string | null | undefined; }'.
src/app/dashboard-redirect/page.tsx(20,18): error TS18048: 'session.user' is possibly 'undefined'.
src/app/dashboard-redirect/page.tsx(20,31): error TS2339: Property 'role' does not exist on type '{ name?: string | null | undefined; email?: string | null | undefined; image?: string | null | undefined; }'.
src/app/dashboard/admin/applications/[id]/page.tsx(28,19): error TS18048: 'session.user' is possibly 'undefined'.
src/app/dashboard/admin/applications/[id]/page.tsx(28,32): error TS2339: Property 'role' does not exist on type '{ name?: string | null | undefined; email?: string | null | undefined; image?: string | null | undefined; }'.
src/app/dashboard/admin/applications/page.tsx(20,19): error TS18048: 'session.user' is possibly 'undefined'.
src/app/dashboard/admin/applications/page.tsx(20,32): error TS2339: Property 'role' does not exist on type '{ name?: string | null | undefined; email?: string | null | undefined; image?: string | null | undefined; }'.
src/app/dashboard/admin/layout.tsx(33,19): error TS18048: 'session.user' is possibly 'undefined'.
src/app/dashboard/admin/layout.tsx(33,32): error TS2339: Property 'role' does not exist on type '{ name?: string | null | undefined; email?: string | null | undefined; image?: string | null | undefined; }'.
src/app/dashboard/admin/layout.tsx(99,65): error TS18048: 'session.user' is possibly 'undefined'.
src/app/dashboard/admin/layout.tsx(100,99): error TS18048: 'session.user' is possibly 'undefined'.
src/app/dashboard/admin/layout.tsx(100,112): error TS2339: Property 'role' does not exist on type '{ name?: string | null | undefined; email?: string | null | undefined; image?: string | null | undefined; }'.
src/app/dashboard/admin/layout.tsx(104,24): error TS18048: 'session.user' is possibly 'undefined'.
src/app/dashboard/admin/page.tsx(19,19): error TS18048: 'session.user' is possibly 'undefined'.
src/app/dashboard/admin/page.tsx(19,32): error TS2339: Property 'role' does not exist on type '{ name?: string | null | undefined; email?: string | null | undefined; image?: string | null | undefined; }'.
src/app/dashboard/admin/payments/page.tsx(24,19): error TS18048: 'session.user' is possibly 'undefined'.
src/app/dashboard/admin/payments/page.tsx(24,32): error TS2339: Property 'role' does not exist on type '{ name?: string | null | undefined; email?: string | null | undefined; image?: string | null | undefined; }'.
src/app/dashboard/admin/releases/[id]/page.tsx(18,34): error TS2307: Cannot find module '@/components/admin/ReleaseStatusManager' or its corresponding type declarations.
src/app/dashboard/admin/releases/[id]/page.tsx(28,19): error TS18048: 'session.user' is possibly 'undefined'.
src/app/dashboard/admin/releases/[id]/page.tsx(28,32): error TS2339: Property 'role' does not exist on type '{ name?: string | null | undefined; email?: string | null | undefined; image?: string | null | undefined; }'.
src/app/dashboard/admin/releases/page.tsx(20,19): error TS18048: 'session.user' is possibly 'undefined'.
src/app/dashboard/admin/releases/page.tsx(20,32): error TS2339: Property 'role' does not exist on type '{ name?: string | null | undefined; email?: string | null | undefined; image?: string | null | undefined; }'.
src/app/dashboard/admin/support/page.tsx(23,19): error TS18048: 'session.user' is possibly 'undefined'.
src/app/dashboard/admin/support/page.tsx(23,32): error TS2339: Property 'role' does not exist on type '{ name?: string | null | undefined; email?: string | null | undefined; image?: string | null | undefined; }'.
src/app/dashboard/artist/analytics/page.tsx(22,19): error TS18048: 'session.user' is possibly 'undefined'.
src/app/dashboard/artist/analytics/page.tsx(22,32): error TS2339: Property 'role' does not exist on type '{ name?: string | null | undefined; email?: string | null | undefined; image?: string | null | undefined; }'.
src/app/dashboard/artist/analytics/page.tsx(28,32): error TS18048: 'session.user' is possibly 'undefined'.
src/app/dashboard/artist/analytics/page.tsx(28,45): error TS2339: Property 'id' does not exist on type '{ name?: string | null | undefined; email?: string | null | undefined; image?: string | null | undefined; }'.
src/app/dashboard/artist/layout.tsx(35,19): error TS18048: 'session.user' is possibly 'undefined'.
src/app/dashboard/artist/layout.tsx(35,32): error TS2339: Property 'role' does not exist on type '{ name?: string | null | undefined; email?: string | null | undefined; image?: string | null | undefined; }'.
src/app/dashboard/artist/layout.tsx(118,108): error TS18048: 'session.user' is possibly 'undefined'.
src/app/dashboard/artist/layout.tsx(118,121): error TS2339: Property 'username' does not exist on type '{ name?: string | null | undefined; email?: string | null | undefined; image?: string | null | undefined; }'.
src/app/dashboard/artist/layout.tsx(122,21): error TS18048: 'session.user' is possibly 'undefined'.
src/app/dashboard/artist/layout.tsx(122,34): error TS2339: Property 'username' does not exist on type '{ name?: string | null | undefined; email?: string | null | undefined; image?: string | null | undefined; }'.
src/app/dashboard/artist/page.tsx(24,19): error TS18048: 'session.user' is possibly 'undefined'.
src/app/dashboard/artist/page.tsx(24,32): error TS2339: Property 'role' does not exist on type '{ name?: string | null | undefined; email?: string | null | undefined; image?: string | null | undefined; }'.
src/app/dashboard/artist/page.tsx(30,22): error TS18048: 'session.user' is possibly 'undefined'.
src/app/dashboard/artist/page.tsx(30,35): error TS2339: Property 'id' does not exist on type '{ name?: string | null | undefined; email?: string | null | undefined; image?: string | null | undefined; }'.
src/app/dashboard/artist/page.tsx(55,32): error TS18048: 'session.user' is possibly 'undefined'.
src/app/dashboard/artist/page.tsx(55,45): error TS2339: Property 'id' does not exist on type '{ name?: string | null | undefined; email?: string | null | undefined; image?: string | null | undefined; }'.
src/app/dashboard/artist/payments/page.tsx(27,19): error TS18048: 'session.user' is possibly 'undefined'.
src/app/dashboard/artist/payments/page.tsx(27,32): error TS2339: Property 'role' does not exist on type '{ name?: string | null | undefined; email?: string | null | undefined; image?: string | null | undefined; }'.
src/app/dashboard/artist/payments/page.tsx(31,44): error TS18048: 'session.user' is possibly 'undefined'.
src/app/dashboard/artist/payments/page.tsx(31,57): error TS2339: Property 'id' does not exist on type '{ name?: string | null | undefined; email?: string | null | undefined; image?: string | null | undefined; }'.
src/app/dashboard/artist/payments/page.tsx(31,61): error TS18048: 'session.user' is possibly 'undefined'.
src/app/dashboard/artist/payments/page.tsx(31,74): error TS2339: Property 'role' does not exist on type '{ name?: string | null | undefined; email?: string | null | undefined; image?: string | null | undefined; }'.
src/app/dashboard/artist/payments/page.tsx(34,22): error TS18048: 'session.user' is possibly 'undefined'.
src/app/dashboard/artist/payments/page.tsx(34,35): error TS2339: Property 'id' does not exist on type '{ name?: string | null | undefined; email?: string | null | undefined; image?: string | null | undefined; }'.
src/app/dashboard/artist/settings/page.tsx(31,19): error TS18048: 'session.user' is possibly 'undefined'.
src/app/dashboard/artist/settings/page.tsx(31,32): error TS2339: Property 'role' does not exist on type '{ name?: string | null | undefined; email?: string | null | undefined; image?: string | null | undefined; }'.
src/app/dashboard/artist/settings/page.tsx(36,22): error TS18048: 'session.user' is possibly 'undefined'.
src/app/dashboard/artist/settings/page.tsx(36,35): error TS2339: Property 'id' does not exist on type '{ name?: string | null | undefined; email?: string | null | undefined; image?: string | null | undefined; }'.
src/app/dashboard/artist/support/page.tsx(25,19): error TS18048: 'session.user' is possibly 'undefined'.
src/app/dashboard/artist/support/page.tsx(25,32): error TS2339: Property 'role' does not exist on type '{ name?: string | null | undefined; email?: string | null | undefined; image?: string | null | undefined; }'.
src/app/dashboard/artist/support/page.tsx(30,22): error TS18048: 'session.user' is possibly 'undefined'.
src/app/dashboard/artist/support/page.tsx(30,35): error TS2339: Property 'id' does not exist on type '{ name?: string | null | undefined; email?: string | null | undefined; image?: string | null | undefined; }'.
src/app/dashboard/artist/support/tickets/[id]/page.tsx(45,7): error TS18048: 'session.user' is possibly 'undefined'.
src/app/dashboard/artist/support/tickets/[id]/page.tsx(45,20): error TS2339: Property 'role' does not exist on type '{ name?: string | null | undefined; email?: string | null | undefined; image?: string | null | undefined; }'.
src/app/dashboard/artist/support/tickets/[id]/page.tsx(45,58): error TS18048: 'session.user' is possibly 'undefined'.
src/app/dashboard/artist/support/tickets/[id]/page.tsx(45,71): error TS2339: Property 'id' does not exist on type '{ name?: string | null | undefined; email?: string | null | undefined; image?: string | null | undefined; }'.
src/app/dashboard/artist/support/tickets/[id]/page.tsx(54,19): error TS18048: 'session.user' is possibly 'undefined'.
src/app/dashboard/artist/support/tickets/[id]/page.tsx(54,32): error TS2339: Property 'role' does not exist on type '{ name?: string | null | undefined; email?: string | null | undefined; image?: string | null | undefined; }'.
src/app/dashboard/artist/support/tickets/[id]/page.tsx(73,13): error TS18048: 'session.user' is possibly 'undefined'.
src/app/dashboard/artist/support/tickets/[id]/page.tsx(73,26): error TS2339: Property 'role' does not exist on type '{ name?: string | null | undefined; email?: string | null | undefined; image?: string | null | undefined; }'.
src/app/dashboard/employee/applications/[id]/page.tsx(16,19): error TS18048: 'session.user' is possibly 'undefined'.
src/app/dashboard/employee/applications/[id]/page.tsx(16,32): error TS2339: Property 'role' does not exist on type '{ name?: string | null | undefined; email?: string | null | undefined; image?: string | null | undefined; }'.
src/app/dashboard/employee/applications/page.tsx(11,19): error TS18048: 'session.user' is possibly 'undefined'.
src/app/dashboard/employee/applications/page.tsx(11,32): error TS2339: Property 'role' does not exist on type '{ name?: string | null | undefined; email?: string | null | undefined; image?: string | null | undefined; }'.
src/app/dashboard/employee/artists/page.tsx(11,19): error TS18048: 'session.user' is possibly 'undefined'.
src/app/dashboard/employee/artists/page.tsx(11,32): error TS2339: Property 'role' does not exist on type '{ name?: string | null | undefined; email?: string | null | undefined; image?: string | null | undefined; }'.
src/app/dashboard/employee/labels/page.tsx(10,19): error TS18048: 'session.user' is possibly 'undefined'.
src/app/dashboard/employee/labels/page.tsx(10,32): error TS2339: Property 'role' does not exist on type '{ name?: string | null | undefined; email?: string | null | undefined; image?: string | null | undefined; }'.
src/app/dashboard/label/layout.tsx(35,19): error TS18048: 'session.user' is possibly 'undefined'.
src/app/dashboard/label/layout.tsx(35,32): error TS2339: Property 'role' does not exist on type '{ name?: string | null | undefined; email?: string | null | undefined; image?: string | null | undefined; }'.
src/app/dashboard/label/layout.tsx(111,110): error TS18048: 'session.user' is possibly 'undefined'.
src/app/dashboard/label/layout.tsx(111,123): error TS2339: Property 'username' does not exist on type '{ name?: string | null | undefined; email?: string | null | undefined; image?: string | null | undefined; }'.
src/app/dashboard/label/layout.tsx(115,21): error TS18048: 'session.user' is possibly 'undefined'.
src/app/dashboard/label/layout.tsx(115,34): error TS2339: Property 'username' does not exist on type '{ name?: string | null | undefined; email?: string | null | undefined; image?: string | null | undefined; }'.
src/app/dashboard/label/page.tsx(23,19): error TS18048: 'session.user' is possibly 'undefined'.
src/app/dashboard/label/page.tsx(23,32): error TS2339: Property 'role' does not exist on type '{ name?: string | null | undefined; email?: string | null | undefined; image?: string | null | undefined; }'.
src/app/dashboard/label/page.tsx(29,22): error TS18048: 'session.user' is possibly 'undefined'.
src/app/dashboard/label/page.tsx(29,35): error TS2339: Property 'id' does not exist on type '{ name?: string | null | undefined; email?: string | null | undefined; image?: string | null | undefined; }'.
src/app/dashboard/label/page.tsx(37,31): error TS18048: 'session.user' is possibly 'undefined'.
src/app/dashboard/label/page.tsx(37,44): error TS2339: Property 'id' does not exist on type '{ name?: string | null | undefined; email?: string | null | undefined; image?: string | null | undefined; }'.
src/app/dashboard/label/royalties/page.tsx(24,19): error TS18048: 'session.user' is possibly 'undefined'.
src/app/dashboard/label/royalties/page.tsx(24,32): error TS2339: Property 'role' does not exist on type '{ name?: string | null | undefined; email?: string | null | undefined; image?: string | null | undefined; }'.
src/app/dashboard/label/royalties/page.tsx(28,44): error TS18048: 'session.user' is possibly 'undefined'.
src/app/dashboard/label/royalties/page.tsx(28,57): error TS2339: Property 'id' does not exist on type '{ name?: string | null | undefined; email?: string | null | undefined; image?: string | null | undefined; }'.
src/app/dashboard/label/royalties/page.tsx(28,61): error TS18048: 'session.user' is possibly 'undefined'.
src/app/dashboard/label/royalties/page.tsx(28,74): error TS2339: Property 'role' does not exist on type '{ name?: string | null | undefined; email?: string | null | undefined; image?: string | null | undefined; }'.
src/app/dashboard/label/royalties/page.tsx(31,22): error TS18048: 'session.user' is possibly 'undefined'.
src/app/dashboard/label/royalties/page.tsx(31,35): error TS2339: Property 'id' does not exist on type '{ name?: string | null | undefined; email?: string | null | undefined; image?: string | null | undefined; }'.
src/app/login/page.tsx(104,47): error TS2322: Type '{ children: string; href: string; size: string; className: string; }' is not assignable to type 'IntrinsicAttributes & Omit<AnchorHTMLAttributes<HTMLAnchorElement>, keyof LinkProps<any>> & LinkProps<...> & { ...; } & RefAttributes<...>'.
  Property 'size' does not exist on type 'IntrinsicAttributes & Omit<AnchorHTMLAttributes<HTMLAnchorElement>, keyof LinkProps<any>> & LinkProps<...> & { ...; } & RefAttributes<...>'.
src/components/admin/PaymentStatusActions.tsx(8,3): error TS2305: Module '"lucide-react"' has no exported member 'Dialog'.
src/components/audio/AudioPlayer.tsx(4,22): error TS7016: Could not find a declaration file for module 'howler'. 'C:/Users/MONTU/OneDrive/Documents/ANG1APP/Fastit Music India Website/node_modules/howler/dist/howler.js' implicitly has an 'any' type.
  Try `npm i --save-dev @types/howler` if it exists or add a new declaration (.d.ts) file containing `declare module 'howler';`
src/components/forms/LabelApplicationForm.tsx(135,13): error TS2304: Cannot find name 'Link'.
src/components/forms/LabelApplicationForm.tsx(137,14): error TS2304: Cannot find name 'Link'.
src/components/forms/LabelApplicationForm.tsx(138,13): error TS2304: Cannot find name 'Link'.
src/components/forms/LabelApplicationForm.tsx(140,14): error TS2304: Cannot find name 'Link'.
src/components/support/TicketMessageThread.tsx(88,43): error TS18048: 'session.user' is possibly 'undefined'.
src/components/support/TicketMessageThread.tsx(88,57): error TS2339: Property 'id' does not exist on type '{ name?: string | null | undefined; email?: string | null | undefined; image?: string | null | undefined; }'.
